[12:55:09] [main/INFO] (FabricLoader/GameProvider) Loading Minecraft 26.3 with Fabric Loader 0.19.5
[12:55:09] [main/INFO] (FabricLoader/Mappings) Mappings not present!
[12:55:10] [main/INFO] (FabricLoader) Loading 47 mods:
	- cgs 1.4.9+26.3
	- create 6.0.9-1
	- fabric-advancement-api-v1 1.0.0+38c7a2d55d
	- fabric-api 0.161.0+26.3
	- fabric-api-base 2.0.6+fcdff87f5d
	- fabric-api-lookup-api-v1 2.0.24+3434d6d95d
	- fabric-biome-api-v1 20.0.9+74ed1ea55d
	- fabric-block-api-v1 3.1.0+0ae6f9115d
	- fabric-block-getter-api-v2 2.0.9+3434d6d95d
	- fabric-command-api-v2 3.1.2+fcdff87f5d
	- fabric-content-registries-v0 15.0.4+74ed1ea55d
	- fabric-convention-tags-v2 4.10.3+6b5b47fd5d
	- fabric-crash-report-info-v1 1.0.7+fcdff87f5d
	- fabric-creative-tab-api-v1 5.0.21+fcdff87f5d
	- fabric-data-attachment-api-v1 2.2.30+3434d6d95d
	- fabric-data-generation-api-v1 27.2.4+427eab975d
	- fabric-debug-api-v1 1.0.4+3434d6d95d
	- fabric-dimensions-v1 5.1.19+47f74c985d
	- fabric-entity-events-v1 6.0.4+3434d6d95d
	- fabric-events-interaction-v0 5.3.6+3434d6d95d
	- fabric-game-rule-api-v1 4.0.10+3434d6d95d
	- fabric-gametest-api-v1 4.0.32+3434d6d95d
	- fabric-item-api-v1 14.7.0+cf6bc2db5d
	- fabric-lifecycle-events-v1 4.1.9+ffef5f675d
	- fabric-loot-api-v3 4.0.8+4068fd645d
	- fabric-menu-api-v1 2.0.27+ed66f0a35d
	- fabric-message-api-v1 7.0.10+3434d6d95d
	- fabric-networking-api-v1 6.3.8+fcdff87f5d
	- fabric-object-builder-api-v1 24.1.9+3434d6d95d
	- fabric-particles-v1 5.0.24+3434d6d95d
	- fabric-permission-api-v1 1.0.8+fcdff87f5d
	- fabric-recipe-api-v1 10.0.8+fcdff87f5d
	- fabric-registry-sync-v0 8.0.1+fcdff87f5d
	- fabric-rendering-fluids-v1 6.0.6+3434d6d95d
	- fabric-resource-conditions-api-v1 6.1.5+3434d6d95d
	- fabric-resource-loader-v0 3.3.26+4fc5413f5d
	- fabric-resource-loader-v1 3.0.4+fcdff87f5d
	- fabric-serialization-api-v1 2.0.7+74ed1ea55d
	- fabric-tag-api-v1 2.1.10+fcdff87f5d
	- fabric-transfer-api-v1 8.0.25+fcdff87f5d
	- fabric-transitive-access-wideners-v1 8.1.16+52268a0e5d
	- fabricloader 0.19.5
	- geckolib 5.5.7
	- java 25
	- minecraft 26.3
	- mixinextras 0.5.5
	- ntgl 3.1.8+26.3
[12:55:10] [main/INFO] (FabricLoader/Mixin) SpongePowered MIXIN Subsystem Version=0.8.7 Source=file:/home/runner/.gradle/caches/modules-2/files-2.1/net.fabricmc/sponge-mixin/0.17.4+mixin.0.8.7/5f66cc9f59b8efaa942155a3d5a30599bf6640dd/sponge-mixin-0.17.4+mixin.0.8.7.jar Service=Knot/Fabric Env=SERVER
[12:55:10] [main/INFO] (FabricLoader/MixinExtras|Service) Initializing MixinExtras via com.llamalad7.mixinextras.service.MixinExtrasServiceImpl(version=0.5.5).
[12:55:18] [main/INFO] (Minecraft) [STDERR]: Failed to read config file: /home/runner/work/CreateGunMod/CreateGunMod/run/./config/create/server.json
[12:55:18] [main/INFO] (Minecraft) [STDERR]: java.nio.file.NoSuchFileException: ./config/create/server.json
[12:55:18] [main/INFO] (Minecraft) [STDERR]: 	at java.base/sun.nio.fs.UnixException.translateToIOException(UnixException.java:92)
[12:55:18] [main/INFO] (Minecraft) [STDERR]: 	at java.base/sun.nio.fs.UnixException.rethrowAsIOException(UnixException.java:106)
[12:55:18] [main/INFO] (Minecraft) [STDERR]: 	at java.base/sun.nio.fs.UnixException.rethrowAsIOException(UnixException.java:111)
[12:55:18] [main/INFO] (Minecraft) [STDERR]: 	at java.base/sun.nio.fs.UnixFileSystemProvider.newFileChannel(UnixFileSystemProvider.java:213)
[12:55:18] [main/INFO] (Minecraft) [STDERR]: 	at java.base/sun.nio.fs.UnixFileSystemProvider.newByteChannel(UnixFileSystemProvider.java:244)
[12:55:18] [main/INFO] (Minecraft) [STDERR]: 	at java.base/java.nio.file.Files.newByteChannel(Files.java:357)
[12:55:18] [main/INFO] (Minecraft) [STDERR]: 	at java.base/java.nio.file.Files.newByteChannel(Files.java:399)
[12:55:18] [main/INFO] (Minecraft) [STDERR]: 	at java.base/java.nio.file.spi.FileSystemProvider.newInputStream(FileSystemProvider.java:371)
[12:55:18] [main/INFO] (Minecraft) [STDERR]: 	at java.base/java.nio.file.Files.newInputStream(Files.java:154)
[12:55:18] [main/INFO] (Minecraft) [STDERR]: 	at knot//org.apache.commons.io.FileUtils.lambda$readFileToString$14(FileUtils.java:2768)
[12:55:18] [main/INFO] (Minecraft) [STDERR]: 	at knot//org.apache.commons.io.IOUtils.toString(IOUtils.java:3204)
[12:55:18] [main/INFO] (Minecraft) [STDERR]: 	at knot//org.apache.commons.io.IOUtils.toString(IOUtils.java:3179)
[12:55:18] [main/INFO] (Minecraft) [STDERR]: 	at knot//org.apache.commons.io.FileUtils.readFileToString(FileUtils.java:2768)
[12:55:18] [main/INFO] (Minecraft) [STDERR]: 	at knot//com.zurrtum.create.catnip.config.Builder.read(Builder.java:136)
[12:55:18] [main/INFO] (Minecraft) [STDERR]: 	at knot//com.zurrtum.create.catnip.config.Builder.<init>(Builder.java:36)
[12:55:18] [main/INFO] (Minecraft) [STDERR]: 	at knot//com.zurrtum.create.catnip.config.Builder.create(Builder.java:49)
[12:55:18] [main/INFO] (Minecraft) [STDERR]: 	at knot//com.zurrtum.create.catnip.config.Builder.create(Builder.java:44)
[12:55:18] [main/INFO] (Minecraft) [STDERR]: 	at knot//com.zurrtum.create.infrastructure.config.AllConfigs.register(AllConfigs.java:28)
[12:55:18] [main/INFO] (Minecraft) [STDERR]: 	at knot//com.zurrtum.create.Create.onInitialize(Create.java:62)
[12:55:18] [main/INFO] (Minecraft) [STDERR]: 	at net.fabricmc.loader.impl.FabricLoaderImpl.invokeEntrypoints(FabricLoaderImpl.java:409)
[12:55:18] [main/INFO] (Minecraft) [STDERR]: 	at net.fabricmc.loader.impl.game.minecraft.Hooks.startServer(Hooks.java:63)
[12:55:18] [main/INFO] (Minecraft) [STDERR]: 	at knot//net.minecraft.server.Main.main(Main.java:114)
[12:55:18] [main/INFO] (Minecraft) [STDERR]: 	at net.fabricmc.loader.impl.game.minecraft.MinecraftGameProvider.launch(MinecraftGameProvider.java:517)
[12:55:18] [main/INFO] (Minecraft) [STDERR]: 	at net.fabricmc.loader.impl.launch.knot.Knot.launch(Knot.java:72)
[12:55:18] [main/INFO] (Minecraft) [STDERR]: 	at net.fabricmc.loader.impl.launch.knot.KnotServer.main(KnotServer.java:23)
[12:55:18] [main/INFO] (Minecraft) [STDERR]: 	at net.fabricmc.devlaunchinjector.Main.main(Main.java:86)
[12:55:18] [main/ERROR] (Minecraft) Failed to load properties from file: server.properties
java.nio.file.NoSuchFileException: server.properties
	at java.base/sun.nio.fs.UnixException.translateToIOException(UnixException.java:92)
	at java.base/sun.nio.fs.UnixException.rethrowAsIOException(UnixException.java:106)
	at java.base/sun.nio.fs.UnixException.rethrowAsIOException(UnixException.java:111)
	at java.base/sun.nio.fs.UnixFileSystemProvider.newFileChannel(UnixFileSystemProvider.java:213)
	at java.base/sun.nio.fs.UnixFileSystemProvider.newByteChannel(UnixFileSystemProvider.java:244)
	at java.base/java.nio.file.Files.newByteChannel(Files.java:357)
	at java.base/java.nio.file.Files.newByteChannel(Files.java:399)
	at java.base/java.nio.file.spi.FileSystemProvider.newInputStream(FileSystemProvider.java:371)
	at java.base/java.nio.file.Files.newInputStream(Files.java:154)
	at knot//net.minecraft.server.dedicated.Settings.loadFromFile(Settings.java:62)
	at knot//net.minecraft.server.dedicated.DedicatedServerProperties.fromFile(DedicatedServerProperties.java:156)
	at knot//net.minecraft.server.dedicated.DedicatedServerSettings.<init>(DedicatedServerSettings.java:12)
	at knot//net.minecraft.server.Main.main(Main.java:117)
	at net.fabricmc.loader.impl.game.minecraft.MinecraftGameProvider.launch(MinecraftGameProvider.java:517)
	at net.fabricmc.loader.impl.launch.knot.Knot.launch(Knot.java:72)
	at net.fabricmc.loader.impl.launch.knot.KnotServer.main(KnotServer.java:23)
	at net.fabricmc.devlaunchinjector.Main.main(Main.java:86)
[12:55:18] [main/INFO] (Minecraft) Environment: Environment[discoveryUrl=https://discovery.minecraftservices.com/minecraft/client, name=PROD]
[12:55:19] [Worker-Main-3/INFO] (Minecraft) No existing world data, creating new world
[12:55:20] [Worker-Main-1/INFO] (Minecraft) Loaded 3022 advancements
[12:55:21] [main/INFO] (BiomeModificationImpl) Applied 61 biome modifications to 61 of 67 new biomes in 7.771 ms
[12:55:21] [Server thread/INFO] (Minecraft) Starting minecraft server version 26.3
[12:55:21] [Server thread/INFO] (Minecraft) Loading properties
[12:55:21] [Server thread/INFO] (Minecraft) Default game type: SURVIVAL
[12:55:21] [Server thread/INFO] (Minecraft) Generating keypair
[12:55:21] [Server thread/INFO] (Minecraft) Starting Minecraft server on *:25565
[12:55:21] [Server thread/INFO] (Minecraft) Preparing level "world"
[12:55:21] [Server thread/INFO] (Minecraft) Selecting global world spawn...
[12:55:24] [Server thread/INFO] (Minecraft) Loading 0 persistent chunks...
[12:55:24] [Server thread/INFO] (Minecraft) Preparing spawn area: 100%
[12:55:24] [Server thread/INFO] (Minecraft) Time elapsed: 2879 ms
[12:55:24] [Server thread/INFO] (Minecraft) Done (3.132s)! For help, type "help"
[12:55:24] [Server thread/INFO] (Minecraft) Saving chunks for level 'ServerLevel[world]'/minecraft:overworld
[12:55:24] [Server thread/INFO] (Minecraft) Saving chunks for level 'ServerLevel[world]'/minecraft:the_end
[12:55:24] [Server thread/INFO] (Minecraft) Saving chunks for level 'ServerLevel[world]'/minecraft:the_nether
[12:55:24] [Server thread/WARN] (TranslationConventionLogWarnings) 
	Dev warning - Untranslated Item Tags detected. Please translate your item tags so other mods such as recipe viewers can properly display your tag's name.
	The format desired is tag.item.<namespace>.<path> for the translation key with slashes in path turned into periods.
	To disable this message, set this system property in your runs: `-Dfabric-tag-conventions-v2.missingTagTranslationWarning=SILENCED`.
	To see individual untranslated item tags found, set the system property to `-Dfabric-tag-conventions-v2.missingTagTranslationWarning=VERBOSE`.
	Default is `SHORT`.

